Main Menu
1 - New File
2 - Open File
3 - Save File
4 - Next Season
5 - Calculate Global Satisfaction
6 - Manage Animals
7 - Manage Employees
8 - Manage Habitats
9 - Manage Vaccines
10 - Search
0 - Sair
Escolha uma opção: Manage Vaccines
1 - List all Vaccines
2 - Register Vaccine
3 - Vaccinate Animal
4 - List Vaccination Records
0 - Sair
Escolha uma opção: VACINA|V3|Tétano|0|E1,E2,E3
VACINA|V4|Tétano 2|0|E1,E2
VACINA|V5|Tétano 3|0|E1,E2
VACINA|V6|Tétano|0|E2,E3
Manage Vaccines
1 - List all Vaccines
2 - Register Vaccine
3 - Vaccinate Animal
4 - List Vaccination Records
0 - Sair
Escolha uma opção: Main Menu
1 - New File
2 - Open File
3 - Save File
4 - Next Season
5 - Calculate Global Satisfaction
6 - Manage Animals
7 - Manage Employees
8 - Manage Habitats
9 - Manage Vaccines
10 - Search
0 - Sair
Escolha uma opção: 