Main Menu
1 - New File
2 - Open File
3 - Save File
4 - Next Season
5 - Calculate Global Satisfaction
6 - Manage Animals
7 - Manage Employees
8 - Manage Habitats
9 - Manage Vaccines
10 - Search
0 - Exit
Choose an option: Manage Animals
1 - List all Animals
2 - Register Animal
3 - Transfer to Habitat
4 - Calculate Animal Satisfaction
0 - Exit
Choose an option: ANIMAL|A1|Farrusco 1|E1|VOID|H1
ANIMAL|A2|Farrusco 2|E1|VOID|H3
ANIMAL|A3|Farrusco 3|E1|VOID|H3
ANIMAL|B1|Farrusco 4|E1|VOID|H2
ANIMAL|X1|Farrusco 5|E1|VOID|H1
ANIMAL|X2|Farrusco 6|E1|VOID|H2
Manage Animals
1 - List all Animals
2 - Register Animal
3 - Transfer to Habitat
4 - Calculate Animal Satisfaction
0 - Exit
Choose an option: Main Menu
1 - New File
2 - Open File
3 - Save File
4 - Next Season
5 - Calculate Global Satisfaction
6 - Manage Animals
7 - Manage Employees
8 - Manage Habitats
9 - Manage Vaccines
10 - Search
0 - Exit
Choose an option: 