Main Menu
1 - New File
2 - Open File
3 - Save File
4 - Next Season
5 - Calculate Global Satisfaction
6 - Manage Animals
7 - Manage Workers
8 - Manage Habitats
9 - Manage Vaccines
10 - Search
0 - Sair
Escolha uma opção: Manage Workers
1 - List all Workers
2 - Register Worker
3 - Add Responsibility
4 - Remove Responsibility
5 - Calculate Worker Satisfaction
0 - Sair
Escolha uma opção: TRT|A24|Rohit Figueiredo
TRT|A34|Rohit Figueiredo 2
TRT|B24|Rohit Figueiredo 3
TRT|D24|Rohit Figueiredo 4
TRT|X24|Rohit Figueiredo 5
Manage Workers
1 - List all Workers
2 - Register Worker
3 - Add Responsibility
4 - Remove Responsibility
5 - Calculate Worker Satisfaction
0 - Sair
Escolha uma opção: Main Menu
1 - New File
2 - Open File
3 - Save File
4 - Next Season
5 - Calculate Global Satisfaction
6 - Manage Animals
7 - Manage Workers
8 - Manage Habitats
9 - Manage Vaccines
10 - Search
0 - Sair
Escolha uma opção: 