Main Menu
1 - New File
2 - Open File
3 - Save File
4 - Next Season
5 - Calculate Global Satisfaction
6 - Manage Animals
7 - Manage Workers
8 - Manage Habitats
9 - Manage Vaccines
10 - Search
0 - Sair
Escolha uma opção: Manage Workers
1 - List all Workers
2 - Register Worker
3 - Add Responsibility
4 - Remove Responsibility
5 - Calculate Worker Satisfaction
0 - Sair
Escolha uma opção: TRT|T1|Rohit Figueiredo|H1
TRT|T2|Rohit Figueiredo 3|H1,H4
TRT|T3|Rohit Figueiredo 6|H2,H3,H4
TRT|T4|Rohit Figueiredo 7|H1,H2,H3,H4
VET|V1|Rohit Figueiredo 2|E1,E2,E3
VET|V2|Rohit Figueiredo 4|E3
VET|V3|Rohit Figueiredo 5
VET|V4|Rohit Figueiredo 9
Manage Workers
1 - List all Workers
2 - Register Worker
3 - Add Responsibility
4 - Remove Responsibility
5 - Calculate Worker Satisfaction
0 - Sair
Escolha uma opção: Main Menu
1 - New File
2 - Open File
3 - Save File
4 - Next Season
5 - Calculate Global Satisfaction
6 - Manage Animals
7 - Manage Workers
8 - Manage Habitats
9 - Manage Vaccines
10 - Search
0 - Sair
Escolha uma opção: 