Main Menu
1 - New File
2 - Open File
3 - Save File
4 - Next Season
5 - Calculate Global Satisfaction
6 - Manage Animals
7 - Manage Employees
8 - Manage Habitats
9 - Manage Vaccines
10 - Search
0 - Sair
Escolha uma opção: Manage Habitats
1 - List all Habitats
2 - Register Habitats
3 - Change Habitat Area
4 - Change Habitat Influence over Species
5 - Plant Tree
6 - List Trees in Habitat
0 - Sair
Escolha uma opção: HABITAT|h1|nome2|12|2
ÁRVORE|T1|Pinheiro 4|60|20|EVERGREEN|GERARFOLHAS
ÁRVORE|T3|Figueira|5|10|DECIDUOUS|GERARFOLHAS
HABITAT|h2|outro nome|122|0
HABITAT|h3|nome1|1222|2
ÁRVORE|T2|Oliveira|120|10|EVERGREEN|GERARFOLHAS
ÁRVORE|T4|Plátano|30|20|DECIDUOUS|GERARFOLHAS
Manage Habitats
1 - List all Habitats
2 - Register Habitats
3 - Change Habitat Area
4 - Change Habitat Influence over Species
5 - Plant Tree
6 - List Trees in Habitat
0 - Sair
Escolha uma opção: Main Menu
1 - New File
2 - Open File
3 - Save File
4 - Next Season
5 - Calculate Global Satisfaction
6 - Manage Animals
7 - Manage Employees
8 - Manage Habitats
9 - Manage Vaccines
10 - Search
0 - Sair
Escolha uma opção: 