Main Menu
1 - New File
2 - Open File
3 - Save File
4 - Next Season
5 - Calculate Global Satisfaction
6 - Manage Animals
7 - Manage Employees
8 - Manage Habitats
9 - Manage Vaccines
10 - Search
0 - Exit
Choose an option: Manage Animals
1 - List all Animals
2 - Register Animal
3 - Transfer to Habitat
4 - Calculate Animal Satisfaction
0 - Exit
Choose an option: Animal ID: 24
Manage Animals
1 - List all Animals
2 - Register Animal
3 - Transfer to Habitat
4 - Calculate Animal Satisfaction
0 - Exit
Choose an option: Main Menu
1 - New File
2 - Open File
3 - Save File
4 - Next Season
5 - Calculate Global Satisfaction
6 - Manage Animals
7 - Manage Employees
8 - Manage Habitats
9 - Manage Vaccines
10 - Search
0 - Exit
Choose an option: Manage Habitats
1 - List all Habitats
2 - Register Habitats
3 - Change Habitat Area
4 - Change Habitat Influence over Species
5 - Plant Tree
6 - List Trees in Habitat
0 - Exit
Choose an option: Habitat ID: Habitat Area: Manage Habitats
1 - List all Habitats
2 - Register Habitats
3 - Change Habitat Area
4 - Change Habitat Influence over Species
5 - Plant Tree
6 - List Trees in Habitat
0 - Exit
Choose an option: HABITAT|AR1|Aldeia dos Macacos|20|0
HABITAT|AR2|Lago dos Pinguins|220|0
Manage Habitats
1 - List all Habitats
2 - Register Habitats
3 - Change Habitat Area
4 - Change Habitat Influence over Species
5 - Plant Tree
6 - List Trees in Habitat
0 - Exit
Choose an option: Main Menu
1 - New File
2 - Open File
3 - Save File
4 - Next Season
5 - Calculate Global Satisfaction
6 - Manage Animals
7 - Manage Employees
8 - Manage Habitats
9 - Manage Vaccines
10 - Search
0 - Exit
Choose an option: Manage Animals
1 - List all Animals
2 - Register Animal
3 - Transfer to Habitat
4 - Calculate Animal Satisfaction
0 - Exit
Choose an option: Animal ID: 74
Manage Animals
1 - List all Animals
2 - Register Animal
3 - Transfer to Habitat
4 - Calculate Animal Satisfaction
0 - Exit
Choose an option: Animal ID: 74
Manage Animals
1 - List all Animals
2 - Register Animal
3 - Transfer to Habitat
4 - Calculate Animal Satisfaction
0 - Exit
Choose an option: Main Menu
1 - New File
2 - Open File
3 - Save File
4 - Next Season
5 - Calculate Global Satisfaction
6 - Manage Animals
7 - Manage Employees
8 - Manage Habitats
9 - Manage Vaccines
10 - Search
0 - Exit
Choose an option: 