Main Menu
1 - New File
2 - Open File
3 - Save File
4 - Next Season
5 - Calculate Global Satisfaction
6 - Manage Animals
7 - Manage Employees
8 - Manage Habitats
9 - Manage Vaccines
10 - Search
0 - Exit
Choose an option: Manage Habitats
1 - List all Habitats
2 - Register Habitats
3 - Change Habitat Area
4 - Change Habitat Influence over Species
5 - Plant Tree
6 - List Trees in Habitat
0 - Exit
Choose an option: Habitat ID: Tree ID: Tree Name: Tree Age: Tree's Difficulty to Clean: Tree Type: (DECIDUOUS or EVERGREEN) Plant Tree: Invalid Operation: Tree 'T1' already exists.
Manage Habitats
1 - List all Habitats
2 - Register Habitats
3 - Change Habitat Area
4 - Change Habitat Influence over Species
5 - Plant Tree
6 - List Trees in Habitat
0 - Exit
Choose an option: Habitat ID: Manage Habitats
1 - List all Habitats
2 - Register Habitats
3 - Change Habitat Area
4 - Change Habitat Influence over Species
5 - Plant Tree
6 - List Trees in Habitat
0 - Exit
Choose an option: Main Menu
1 - New File
2 - Open File
3 - Save File
4 - Next Season
5 - Calculate Global Satisfaction
6 - Manage Animals
7 - Manage Employees
8 - Manage Habitats
9 - Manage Vaccines
10 - Search
0 - Exit
Choose an option: 