Menu Principal
1 - Criar ficheiro
2 - Abrir ficheiro
3 - Guardar ficheiro
4 - Avançar estação do ano
5 - Ver satisfação global
6 - Gestão de animais
7 - Gestão de funcionários
8 - Gestão de habitats
9 - Gestão de vacinas
10 - Consultas
0 - Sair
Escolha uma opção: Gestão de Habitats
1 - Visualizar todos os habitats
2 - Registar habitat
3 - Alterar área de habitat
4 - Alterar influência de habitat sobre espécie
5 - Plantar árvore
6 - Mostrar árvores de habitat
0 - Sair
Escolha uma opção: Identificador único do habitat: Identificador único da espécie: Influência (positiva, negativa, neutra: POS, NEG, NEU): Gestão de Habitats
1 - Visualizar todos os habitats
2 - Registar habitat
3 - Alterar área de habitat
4 - Alterar influência de habitat sobre espécie
5 - Plantar árvore
6 - Mostrar árvores de habitat
0 - Sair
Escolha uma opção: Menu Principal
1 - Criar ficheiro
2 - Abrir ficheiro
3 - Guardar ficheiro
4 - Avançar estação do ano
5 - Ver satisfação global
6 - Gestão de animais
7 - Gestão de funcionários
8 - Gestão de habitats
9 - Gestão de vacinas
10 - Consultas
0 - Sair
Escolha uma opção: Gestão de Animais
1 - Visualizar todos os animais
2 - Registar animal
3 - Transferir para habitat
4 - Calcular satisfação de animal
0 - Sair
Escolha uma opção: Identificador único do animal: Identificador único do habitat: Gestão de Animais
1 - Visualizar todos os animais
2 - Registar animal
3 - Transferir para habitat
4 - Calcular satisfação de animal
0 - Sair
Escolha uma opção: ANIMAL|a1|Farrusco|C2|VOID|h1
ANIMAL|a2|Farrusco 2|C2|VOID|h2
ANIMAL|a3|Farrusco 3|C1|VOID|h1
ANIMAL|a4|Farrusco 4|C1|VOID|h1
Gestão de Animais
1 - Visualizar todos os animais
2 - Registar animal
3 - Transferir para habitat
4 - Calcular satisfação de animal
0 - Sair
Escolha uma opção: Identificador único do animal: 122
Gestão de Animais
1 - Visualizar todos os animais
2 - Registar animal
3 - Transferir para habitat
4 - Calcular satisfação de animal
0 - Sair
Escolha uma opção: Menu Principal
1 - Criar ficheiro
2 - Abrir ficheiro
3 - Guardar ficheiro
4 - Avançar estação do ano
5 - Ver satisfação global
6 - Gestão de animais
7 - Gestão de funcionários
8 - Gestão de habitats
9 - Gestão de vacinas
10 - Consultas
0 - Sair
Escolha uma opção: 