Main Menu
1 - New File
2 - Open File
3 - Save File
4 - Next Season
5 - Calculate Global Satisfaction
6 - Manage Animals
7 - Manage Employees
8 - Manage Habitats
9 - Manage Vaccines
10 - Search
0 - Sair
Escolha uma opção: Manage Animals
1 - List all Animals
2 - Register Animal
3 - Transfer to Habitat
4 - Calculate Animal Satisfaction
0 - Sair
Escolha uma opção: ANIMAL|a1|Farrusco|C2|VOID|h1
ANIMAL|a2|Farrusco 2|C2|VOID|h1
ANIMAL|a3|Farrusco 3|C2|VOID|h1
ANIMAL|a4|Farrusco 4|C2|VOID|h1
ANIMAL|a5|Farrusco 5|C2|VOID|h1
Manage Animals
1 - List all Animals
2 - Register Animal
3 - Transfer to Habitat
4 - Calculate Animal Satisfaction
0 - Sair
Escolha uma opção: Animal ID: 34
Manage Animals
1 - List all Animals
2 - Register Animal
3 - Transfer to Habitat
4 - Calculate Animal Satisfaction
0 - Sair
Escolha uma opção: Animal ID: 34
Manage Animals
1 - List all Animals
2 - Register Animal
3 - Transfer to Habitat
4 - Calculate Animal Satisfaction
0 - Sair
Escolha uma opção: Animal ID: 34
Manage Animals
1 - List all Animals
2 - Register Animal
3 - Transfer to Habitat
4 - Calculate Animal Satisfaction
0 - Sair
Escolha uma opção: Main Menu
1 - New File
2 - Open File
3 - Save File
4 - Next Season
5 - Calculate Global Satisfaction
6 - Manage Animals
7 - Manage Employees
8 - Manage Habitats
9 - Manage Vaccines
10 - Search
0 - Sair
Escolha uma opção: 