Main Menu
1 - New File
2 - Open File
3 - Save File
4 - Next Season
5 - Calculate Global Satisfaction
6 - Manage Animals
7 - Manage Employees
8 - Manage Habitats
9 - Manage Vaccines
10 - Search
0 - Exit
Choose an option: Manage Employees
1 - List all Employees
2 - Register Employee
3 - Add Responsibility
4 - Remove Responsibility
5 - Calculate Employee Satisfaction
0 - Exit
Choose an option: Employee ID: Responsibility ID: Manage Employees
1 - List all Employees
2 - Register Employee
3 - Add Responsibility
4 - Remove Responsibility
5 - Calculate Employee Satisfaction
0 - Exit
Choose an option: ZKP|T1|ZKP one|H1
VET|V1|Vet one
Manage Employees
1 - List all Employees
2 - Register Employee
3 - Add Responsibility
4 - Remove Responsibility
5 - Calculate Employee Satisfaction
0 - Exit
Choose an option: Employee ID: Responsibility ID: Manage Employees
1 - List all Employees
2 - Register Employee
3 - Add Responsibility
4 - Remove Responsibility
5 - Calculate Employee Satisfaction
0 - Exit
Choose an option: ZKP|T1|ZKP one
VET|V1|Vet one
Manage Employees
1 - List all Employees
2 - Register Employee
3 - Add Responsibility
4 - Remove Responsibility
5 - Calculate Employee Satisfaction
0 - Exit
Choose an option: Main Menu
1 - New File
2 - Open File
3 - Save File
4 - Next Season
5 - Calculate Global Satisfaction
6 - Manage Animals
7 - Manage Employees
8 - Manage Habitats
9 - Manage Vaccines
10 - Search
0 - Exit
Choose an option: 