Main Menu
1 - New File
2 - Open File
3 - Save File
4 - Next Season
5 - Calculate Global Satisfaction
6 - Manage Animals
7 - Manage Employees
8 - Manage Habitats
9 - Manage Vaccines
10 - Search
0 - Sair
Escolha uma opção: Manage Employees
1 - List all Employees
2 - Register Employee
3 - Add Responsibility
4 - Remove Responsibility
5 - Calculate Employee Satisfaction
0 - Sair
Escolha uma opção: Employee ID: Responsibility ID: Manage Employees
1 - List all Employees
2 - Register Employee
3 - Add Responsibility
4 - Remove Responsibility
5 - Calculate Employee Satisfaction
0 - Sair
Escolha uma opção: Employee ID: Responsibility ID: Remove Responsibility: Operação inválida: Responsibility (Habitat or Species) 'C1' not attributed to Employee 'V1'.
Manage Employees
1 - List all Employees
2 - Register Employee
3 - Add Responsibility
4 - Remove Responsibility
5 - Calculate Employee Satisfaction
0 - Sair
Escolha uma opção: Employee ID: Responsibility ID: Remove Responsibility: Operação inválida: Responsibility (Habitat or Species) 'H1' not attributed to Employee 'T1'.
Manage Employees
1 - List all Employees
2 - Register Employee
3 - Add Responsibility
4 - Remove Responsibility
5 - Calculate Employee Satisfaction
0 - Sair
Escolha uma opção: Main Menu
1 - New File
2 - Open File
3 - Save File
4 - Next Season
5 - Calculate Global Satisfaction
6 - Manage Animals
7 - Manage Employees
8 - Manage Habitats
9 - Manage Vaccines
10 - Search
0 - Sair
Escolha uma opção: 