Main Menu
1 - New File
2 - Open File
3 - Save File
4 - Next Season
5 - Calculate Global Satisfaction
6 - Manage Animals
7 - Manage Workers
8 - Manage Habitats
9 - Manage Vaccines
10 - Search
0 - Sair
Escolha uma opção: Manage Workers
1 - List all Workers
2 - Register Worker
3 - Add Responsibility
4 - Remove Responsibility
5 - Calculate Worker Satisfaction
0 - Sair
Escolha uma opção: Identificador único do funcionário: 15
Manage Workers
1 - List all Workers
2 - Register Worker
3 - Add Responsibility
4 - Remove Responsibility
5 - Calculate Worker Satisfaction
0 - Sair
Escolha uma opção: Identificador único do funcionário: Identificador único da responsabilidade: Manage Workers
1 - List all Workers
2 - Register Worker
3 - Add Responsibility
4 - Remove Responsibility
5 - Calculate Worker Satisfaction
0 - Sair
Escolha uma opção: Identificador único do funcionário: 17
Manage Workers
1 - List all Workers
2 - Register Worker
3 - Add Responsibility
4 - Remove Responsibility
5 - Calculate Worker Satisfaction
0 - Sair
Escolha uma opção: Main Menu
1 - New File
2 - Open File
3 - Save File
4 - Next Season
5 - Calculate Global Satisfaction
6 - Manage Animals
7 - Manage Workers
8 - Manage Habitats
9 - Manage Vaccines
10 - Search
0 - Sair
Escolha uma opção: 