Main Menu
1 - New File
2 - Open File
3 - Save File
4 - Next Season
5 - Calculate Global Satisfaction
6 - Manage Animals
7 - Manage Workers
8 - Manage Habitats
9 - Manage Vaccines
10 - Search
0 - Sair
Escolha uma opção: Manage Vaccines
1 - List all Vaccines
2 - Register Vaccine
3 - Vaccinate Animal
4 - List Vaccination Records
0 - Sair
Escolha uma opção: Identificador da vacina: Identficador do veterinário a ministrar a vacina: Identificador único do animal: Manage Vaccines
1 - List all Vaccines
2 - Register Vaccine
3 - Vaccinate Animal
4 - List Vaccination Records
0 - Sair
Escolha uma opção: Identificador da vacina: Identficador do veterinário a ministrar a vacina: Identificador único do animal: Manage Vaccines
1 - List all Vaccines
2 - Register Vaccine
3 - Vaccinate Animal
4 - List Vaccination Records
0 - Sair
Escolha uma opção: VACINA|Vac1|nome 1|0|E1
VACINA|Vac2|nome 2|0|E2
VACINA|Vac3|nome 3|2|E1,E2
Manage Vaccines
1 - List all Vaccines
2 - Register Vaccine
3 - Vaccinate Animal
4 - List Vaccination Records
0 - Sair
Escolha uma opção: Main Menu
1 - New File
2 - Open File
3 - Save File
4 - Next Season
5 - Calculate Global Satisfaction
6 - Manage Animals
7 - Manage Workers
8 - Manage Habitats
9 - Manage Vaccines
10 - Search
0 - Sair
Escolha uma opção: 