Main Menu
1 - New File
2 - Open File
3 - Save File
4 - Next Season
5 - Calculate Global Satisfaction
6 - Manage Animals
7 - Manage Employees
8 - Manage Habitats
9 - Manage Vaccines
10 - Search
0 - Exit
Choose an option: Search
1 - Animals in Habitat
2 - Animal's Medical History
3 - Vaccines Administered by Veterinarian
4 - Vaccinations with Side Effects
0 - Exit
Choose an option: Habitat ID: ANIMAL|A1|Nome 1|E1|VOID|H1
ANIMAL|A2|Nome 1|E1|VOID|H1
ANIMAL|A3|Nome 1|E1|VOID|H1
ANIMAL|A7|Nome 1|E1|VOID|H1
Search
1 - Animals in Habitat
2 - Animal's Medical History
3 - Vaccines Administered by Veterinarian
4 - Vaccinations with Side Effects
0 - Exit
Choose an option: Habitat ID: ANIMAL|A4|Nome 1|E3|VOID|H2
ANIMAL|A6|Nome 1|E1|VOID|H2
Search
1 - Animals in Habitat
2 - Animal's Medical History
3 - Vaccines Administered by Veterinarian
4 - Vaccinations with Side Effects
0 - Exit
Choose an option: Main Menu
1 - New File
2 - Open File
3 - Save File
4 - Next Season
5 - Calculate Global Satisfaction
6 - Manage Animals
7 - Manage Employees
8 - Manage Habitats
9 - Manage Vaccines
10 - Search
0 - Exit
Choose an option: 