Main Menu
1 - New File
2 - Open File
3 - Save File
4 - Next Season
5 - Calculate Global Satisfaction
6 - Manage Animals
7 - Manage Employees
8 - Manage Habitats
9 - Manage Vaccines
10 - Search
0 - Exit
Choose an option: Name of the File to Open: Main Menu
1 - New File
2 - Open File
3 - Save File
4 - Next Season
5 - Calculate Global Satisfaction
6 - Manage Animals
7 - Manage Employees
8 - Manage Habitats
9 - Manage Vaccines
10 - Search
0 - Exit
Choose an option: Search
1 - Animals in Habitat
2 - Animal's Medical History
3 - Vaccines Administered by Veterinarian
4 - Vaccinations with Side Effects
0 - Exit
Choose an option: Animal ID: REGISTO-VACINA|Vac1|Vet1|E1
REGISTO-VACINA|Vac2|Vet1|E1
REGISTO-VACINA|Vac3|Vet1|E1
REGISTO-VACINA|Vac2|Vet1|E1
REGISTO-VACINA|Vac3|Vet1|E1
REGISTO-VACINA|Vac1|Vet1|E1
Search
1 - Animals in Habitat
2 - Animal's Medical History
3 - Vaccines Administered by Veterinarian
4 - Vaccinations with Side Effects
0 - Exit
Choose an option: Main Menu
1 - New File
2 - Open File
3 - Save File
4 - Next Season
5 - Calculate Global Satisfaction
6 - Manage Animals
7 - Manage Employees
8 - Manage Habitats
9 - Manage Vaccines
10 - Search
0 - Exit
Choose an option: 