Main Menu
1 - New File
2 - Open File
3 - Save File
4 - Next Season
5 - Calculate Global Satisfaction
6 - Manage Animals
7 - Manage Workers
8 - Manage Habitats
9 - Manage Vaccines
10 - Search
0 - Sair
Escolha uma opção: Manage Vaccines
1 - List all Vaccines
2 - Register Vaccine
3 - Vaccinate Animal
4 - List Vaccination Records
0 - Sair
Escolha uma opção: Identificador da vacina: Identficador do veterinário a ministrar a vacina: Identificador único do animal: Manage Vaccines
1 - List all Vaccines
2 - Register Vaccine
3 - Vaccinate Animal
4 - List Vaccination Records
0 - Sair
Escolha uma opção: Identificador da vacina: Identficador do veterinário a ministrar a vacina: Identificador único do animal: Manage Vaccines
1 - List all Vaccines
2 - Register Vaccine
3 - Vaccinate Animal
4 - List Vaccination Records
0 - Sair
Escolha uma opção: Main Menu
1 - New File
2 - Open File
3 - Save File
4 - Next Season
5 - Calculate Global Satisfaction
6 - Manage Animals
7 - Manage Workers
8 - Manage Habitats
9 - Manage Vaccines
10 - Search
0 - Sair
Escolha uma opção: Search
1 - Animals in Habitat
2 - Animal's Medical History
3 - Vaccines Administered by Veterinarian
4 - Vaccinations with Side Effects
0 - Sair
Escolha uma opção: Identificador único do funcionário: REGISTO-VACINA|Vac3|Vet1|E1
REGISTO-VACINA|Vac3|Vet1|E1
Search
1 - Animals in Habitat
2 - Animal's Medical History
3 - Vaccines Administered by Veterinarian
4 - Vaccinations with Side Effects
0 - Sair
Escolha uma opção: Main Menu
1 - New File
2 - Open File
3 - Save File
4 - Next Season
5 - Calculate Global Satisfaction
6 - Manage Animals
7 - Manage Workers
8 - Manage Habitats
9 - Manage Vaccines
10 - Search
0 - Sair
Escolha uma opção: 