Main Menu
1 - New File
2 - Open File
3 - Save File
4 - Next Season
5 - Calculate Global Satisfaction
6 - Manage Animals
7 - Manage Employees
8 - Manage Habitats
9 - Manage Vaccines
10 - Search
0 - Exit
Choose an option: Manage Employees
1 - List all Employees
2 - Register Employee
3 - Add Responsibility
4 - Remove Responsibility
5 - Calculate Employee Satisfaction
0 - Exit
Choose an option: ZKP|A24|Rohit Figueiredo
VET|A25|Rohit Figueiredo 2
ZKP|A34|Rohit Figueiredo 3
VET|A85|Rohit Figueiredo 4
VET|A95|Rohit Figueiredo 5
ZKP|B24|Rohit Figueiredo 6
ZKP|D24|Rohit Figueiredo 7
ZKP|X24|Rohit Figueiredo 8
VET|X25|Rohit Figueiredo 9
Manage Employees
1 - List all Employees
2 - Register Employee
3 - Add Responsibility
4 - Remove Responsibility
5 - Calculate Employee Satisfaction
0 - Exit
Choose an option: Main Menu
1 - New File
2 - Open File
3 - Save File
4 - Next Season
5 - Calculate Global Satisfaction
6 - Manage Animals
7 - Manage Employees
8 - Manage Habitats
9 - Manage Vaccines
10 - Search
0 - Exit
Choose an option: 