Main Menu
1 - New File
2 - Open File
3 - Save File
4 - Next Season
5 - Calculate Global Satisfaction
6 - Manage Animals
7 - Manage Workers
8 - Manage Habitats
9 - Manage Vaccines
10 - Search
0 - Sair
Escolha uma opção: 1
Main Menu
1 - New File
2 - Open File
3 - Save File
4 - Next Season
5 - Calculate Global Satisfaction
6 - Manage Animals
7 - Manage Workers
8 - Manage Habitats
9 - Manage Vaccines
10 - Search
0 - Sair
Escolha uma opção: 2
Main Menu
1 - New File
2 - Open File
3 - Save File
4 - Next Season
5 - Calculate Global Satisfaction
6 - Manage Animals
7 - Manage Workers
8 - Manage Habitats
9 - Manage Vaccines
10 - Search
0 - Sair
Escolha uma opção: 3
Main Menu
1 - New File
2 - Open File
3 - Save File
4 - Next Season
5 - Calculate Global Satisfaction
6 - Manage Animals
7 - Manage Workers
8 - Manage Habitats
9 - Manage Vaccines
10 - Search
0 - Sair
Escolha uma opção: 0
Main Menu
1 - New File
2 - Open File
3 - Save File
4 - Next Season
5 - Calculate Global Satisfaction
6 - Manage Animals
7 - Manage Workers
8 - Manage Habitats
9 - Manage Vaccines
10 - Search
0 - Sair
Escolha uma opção: 1
Main Menu
1 - New File
2 - Open File
3 - Save File
4 - Next Season
5 - Calculate Global Satisfaction
6 - Manage Animals
7 - Manage Workers
8 - Manage Habitats
9 - Manage Vaccines
10 - Search
0 - Sair
Escolha uma opção: 2
Main Menu
1 - New File
2 - Open File
3 - Save File
4 - Next Season
5 - Calculate Global Satisfaction
6 - Manage Animals
7 - Manage Workers
8 - Manage Habitats
9 - Manage Vaccines
10 - Search
0 - Sair
Escolha uma opção: Ficheiro sem nome. Save File como: Main Menu
1 - New File
2 - Open File
3 - Save File
4 - Next Season
5 - Calculate Global Satisfaction
6 - Manage Animals
7 - Manage Workers
8 - Manage Habitats
9 - Manage Vaccines
10 - Search
0 - Sair
Escolha uma opção: 