Main Menu
1 - New File
2 - Open File
3 - Save File
4 - Next Season
5 - Calculate Global Satisfaction
6 - Manage Animals
7 - Manage Workers
8 - Manage Habitats
9 - Manage Vaccines
10 - Search
0 - Sair
Escolha uma opção: Manage Habitats
1 - List all Habitats
2 - Register Habitats
3 - Change Habitat Area
4 - Change Habitat Influence over Species
5 - Plant Tree
6 - List Trees in Habitat
0 - Sair
Escolha uma opção: Identificador único do habitat: Identificador único da árvore: Nome da árvore: Idade da árvore: Dificuldade de limpeza da árvore: Tipo de árvore: (CADUCA ou PERENE) ÁRVORE|B1|b1|2|3|CADUCA|GERARFOLHAS
Manage Habitats
1 - List all Habitats
2 - Register Habitats
3 - Change Habitat Area
4 - Change Habitat Influence over Species
5 - Plant Tree
6 - List Trees in Habitat
0 - Sair
Escolha uma opção: Identificador único do habitat: Identificador único da árvore: Nome da árvore: Idade da árvore: Dificuldade de limpeza da árvore: Tipo de árvore: (CADUCA ou PERENE) ÁRVORE|P1|p1|3|4|PERENE|GERARFOLHAS
Manage Habitats
1 - List all Habitats
2 - Register Habitats
3 - Change Habitat Area
4 - Change Habitat Influence over Species
5 - Plant Tree
6 - List Trees in Habitat
0 - Sair
Escolha uma opção: Identificador único do habitat: Identificador único da árvore: Nome da árvore: Idade da árvore: Dificuldade de limpeza da árvore: Tipo de árvore: (CADUCA ou PERENE) ÁRVORE|R1|r1|6|7|PERENE|GERARFOLHAS
Manage Habitats
1 - List all Habitats
2 - Register Habitats
3 - Change Habitat Area
4 - Change Habitat Influence over Species
5 - Plant Tree
6 - List Trees in Habitat
0 - Sair
Escolha uma opção: Identificador único do habitat: Identificador único da árvore: Nome da árvore: Idade da árvore: Dificuldade de limpeza da árvore: Tipo de árvore: (CADUCA ou PERENE) ÁRVORE|X1|x1|10|12|CADUCA|GERARFOLHAS
Manage Habitats
1 - List all Habitats
2 - Register Habitats
3 - Change Habitat Area
4 - Change Habitat Influence over Species
5 - Plant Tree
6 - List Trees in Habitat
0 - Sair
Escolha uma opção: Identificador único do habitat: ÁRVORE|A1|Pinheiro 1|5|20|PERENE|GERARFOLHAS
ÁRVORE|B1|b1|2|3|CADUCA|GERARFOLHAS
ÁRVORE|P1|p1|3|4|PERENE|GERARFOLHAS
ÁRVORE|R1|r1|6|7|PERENE|GERARFOLHAS
ÁRVORE|X1|x1|10|12|CADUCA|GERARFOLHAS
Manage Habitats
1 - List all Habitats
2 - Register Habitats
3 - Change Habitat Area
4 - Change Habitat Influence over Species
5 - Plant Tree
6 - List Trees in Habitat
0 - Sair
Escolha uma opção: Main Menu
1 - New File
2 - Open File
3 - Save File
4 - Next Season
5 - Calculate Global Satisfaction
6 - Manage Animals
7 - Manage Workers
8 - Manage Habitats
9 - Manage Vaccines
10 - Search
0 - Sair
Escolha uma opção: 