Main Menu
1 - New File
2 - Open File
3 - Save File
4 - Next Season
5 - Calculate Global Satisfaction
6 - Manage Animals
7 - Manage Employees
8 - Manage Habitats
9 - Manage Vaccines
10 - Search
0 - Sair
Escolha uma opção: Manage Employees
1 - List all Employees
2 - Register Employee
3 - Add Responsibility
4 - Remove Responsibility
5 - Calculate Employee Satisfaction
0 - Sair
Escolha uma opção: Employee ID: Responsibility ID: Manage Employees
1 - List all Employees
2 - Register Employee
3 - Add Responsibility
4 - Remove Responsibility
5 - Calculate Employee Satisfaction
0 - Sair
Escolha uma opção: Employee ID: Responsibility ID: Manage Employees
1 - List all Employees
2 - Register Employee
3 - Add Responsibility
4 - Remove Responsibility
5 - Calculate Employee Satisfaction
0 - Sair
Escolha uma opção: Employee ID: Responsibility ID: Manage Employees
1 - List all Employees
2 - Register Employee
3 - Add Responsibility
4 - Remove Responsibility
5 - Calculate Employee Satisfaction
0 - Sair
Escolha uma opção: Employee ID: Responsibility ID: Manage Employees
1 - List all Employees
2 - Register Employee
3 - Add Responsibility
4 - Remove Responsibility
5 - Calculate Employee Satisfaction
0 - Sair
Escolha uma opção: Employee ID: Responsibility ID: Manage Employees
1 - List all Employees
2 - Register Employee
3 - Add Responsibility
4 - Remove Responsibility
5 - Calculate Employee Satisfaction
0 - Sair
Escolha uma opção: ZKP|T1|ZKP one|H1,H2,H3
ZKP|T2|ZKP two|H2,H3
VET|V1|Vet one
VET|V2|Vet two
Manage Employees
1 - List all Employees
2 - Register Employee
3 - Add Responsibility
4 - Remove Responsibility
5 - Calculate Employee Satisfaction
0 - Sair
Escolha uma opção: Employee ID: Responsibility ID: Manage Employees
1 - List all Employees
2 - Register Employee
3 - Add Responsibility
4 - Remove Responsibility
5 - Calculate Employee Satisfaction
0 - Sair
Escolha uma opção: Employee ID: Responsibility ID: Manage Employees
1 - List all Employees
2 - Register Employee
3 - Add Responsibility
4 - Remove Responsibility
5 - Calculate Employee Satisfaction
0 - Sair
Escolha uma opção: Employee ID: Responsibility ID: Manage Employees
1 - List all Employees
2 - Register Employee
3 - Add Responsibility
4 - Remove Responsibility
5 - Calculate Employee Satisfaction
0 - Sair
Escolha uma opção: Employee ID: Responsibility ID: Manage Employees
1 - List all Employees
2 - Register Employee
3 - Add Responsibility
4 - Remove Responsibility
5 - Calculate Employee Satisfaction
0 - Sair
Escolha uma opção: ZKP|T1|ZKP one|H1,H2,H3
ZKP|T2|ZKP two|H2,H3
VET|V1|Vet one|C1,C3,C4
VET|V2|Vet two|C2
Manage Employees
1 - List all Employees
2 - Register Employee
3 - Add Responsibility
4 - Remove Responsibility
5 - Calculate Employee Satisfaction
0 - Sair
Escolha uma opção: Main Menu
1 - New File
2 - Open File
3 - Save File
4 - Next Season
5 - Calculate Global Satisfaction
6 - Manage Animals
7 - Manage Employees
8 - Manage Habitats
9 - Manage Vaccines
10 - Search
0 - Sair
Escolha uma opção: 